src/components/Layout.tsx(59,32): error TS2345: Argument of type 'unknown[]' is not assignable to parameter of type 'SetStateAction<string[]>'.
  Type 'unknown[]' is not assignable to type 'string[]'.
    Type 'unknown' is not assignable to type 'string'.
src/components/MergeArrearsModal.tsx(68,47): error TS2339: Property 'payroll_month' does not exist on type 'PayrollBatch'.
src/components/NotificationDropdown.tsx(101,9): error TS2304: Cannot find name 'toast'.
src/components/NotificationDropdown.tsx(125,9): error TS2304: Cannot find name 'toast'.
src/components/NotificationDropdown.tsx(130,36): error TS2339: Property 'env' does not exist on type 'ImportMeta'.
src/components/NotificationDropdown.tsx(134,9): error TS2304: Cannot find name 'toast'.
src/components/NotificationDropdown.tsx(153,7): error TS2304: Cannot find name 'toast'.
src/components/NotificationDropdown.tsx(156,7): error TS2304: Cannot find name 'toast'.
src/components/ui/accordion.tsx(4,37): error TS2307: Cannot find module '@radix-ui/react-accordion@1.2.3' or its corresponding type declarations.
src/components/ui/accordion.tsx(5,33): error TS2307: Cannot find module 'lucide-react@0.487.0' or its corresponding type declarations.
src/components/ui/alert-dialog.tsx(4,39): error TS2307: Cannot find module '@radix-ui/react-alert-dialog@1.1.6' or its corresponding type declarations.
src/components/ui/alert.tsx(2,40): error TS2307: Cannot find module 'class-variance-authority@0.7.1' or its corresponding type declarations.
src/components/ui/aspect-ratio.tsx(3,39): error TS2307: Cannot find module '@radix-ui/react-aspect-ratio@1.1.2' or its corresponding type declarations.
src/components/ui/avatar.tsx(4,34): error TS2307: Cannot find module '@radix-ui/react-avatar@1.1.3' or its corresponding type declarations.
src/components/ui/badge.tsx(2,22): error TS2307: Cannot find module '@radix-ui/react-slot@1.1.2' or its corresponding type declarations.
src/components/ui/badge.tsx(3,40): error TS2307: Cannot find module 'class-variance-authority@0.7.1' or its corresponding type declarations.
src/components/ui/breadcrumb.tsx(2,22): error TS2307: Cannot find module '@radix-ui/react-slot@1.1.2' or its corresponding type declarations.
src/components/ui/breadcrumb.tsx(3,46): error TS2307: Cannot find module 'lucide-react@0.487.0' or its corresponding type declarations.
src/components/ui/button.tsx(2,22): error TS2307: Cannot find module '@radix-ui/react-slot@1.1.2' or its corresponding type declarations.
src/components/ui/button.tsx(3,40): error TS2307: Cannot find module 'class-variance-authority@0.7.1' or its corresponding type declarations.
src/components/ui/calendar.tsx(4,43): error TS2307: Cannot find module 'lucide-react@0.487.0' or its corresponding type declarations.
src/components/ui/calendar.tsx(5,27): error TS2307: Cannot find module 'react-day-picker@8.10.1' or its corresponding type declarations.
src/components/ui/calendar.tsx(63,22): error TS7031: Binding element 'className' implicitly has an 'any' type.
src/components/ui/calendar.tsx(66,23): error TS7031: Binding element 'className' implicitly has an 'any' type.
src/components/ui/carousel.tsx(6,8): error TS2307: Cannot find module 'embla-carousel-react@8.6.0' or its corresponding type declarations.
src/components/ui/carousel.tsx(7,39): error TS2307: Cannot find module 'lucide-react@0.487.0' or its corresponding type declarations.
src/components/ui/chart.tsx(4,36): error TS2307: Cannot find module 'recharts@2.15.2' or its corresponding type declarations.
src/components/ui/chart.tsx(182,23): error TS7006: Parameter 'item' implicitly has an 'any' type.
src/components/ui/chart.tsx(182,29): error TS7006: Parameter 'index' implicitly has an 'any' type.
src/components/ui/chart.tsx(278,21): error TS7006: Parameter 'item' implicitly has an 'any' type.
src/components/ui/checkbox.tsx(4,36): error TS2307: Cannot find module '@radix-ui/react-checkbox@1.1.4' or its corresponding type declarations.
src/components/ui/checkbox.tsx(5,27): error TS2307: Cannot find module 'lucide-react@0.487.0' or its corresponding type declarations.
src/components/ui/collapsible.tsx(3,39): error TS2307: Cannot find module '@radix-ui/react-collapsible@1.1.3' or its corresponding type declarations.
src/components/ui/command.tsx(4,45): error TS2307: Cannot find module 'cmdk@1.1.1' or its corresponding type declarations.
src/components/ui/command.tsx(5,28): error TS2307: Cannot find module 'lucide-react@0.487.0' or its corresponding type declarations.
src/components/ui/context-menu.tsx(4,39): error TS2307: Cannot find module '@radix-ui/react-context-menu@2.2.6' or its corresponding type declarations.
src/components/ui/context-menu.tsx(5,57): error TS2307: Cannot find module 'lucide-react@0.487.0' or its corresponding type declarations.
src/components/ui/dialog.tsx(4,34): error TS2307: Cannot find module '@radix-ui/react-dialog@1.1.6' or its corresponding type declarations.
src/components/ui/dialog.tsx(5,23): error TS2307: Cannot find module 'lucide-react@0.487.0' or its corresponding type declarations.
src/components/ui/drawer.tsx(4,43): error TS2307: Cannot find module 'vaul@1.1.2' or its corresponding type declarations.
src/components/ui/dropdown-menu.tsx(4,40): error TS2307: Cannot find module '@radix-ui/react-dropdown-menu@2.1.6' or its corresponding type declarations.
src/components/ui/dropdown-menu.tsx(5,57): error TS2307: Cannot find module 'lucide-react@0.487.0' or its corresponding type declarations.
src/components/ui/form.tsx(4,33): error TS2307: Cannot find module '@radix-ui/react-label@2.1.2' or its corresponding type declarations.
src/components/ui/form.tsx(5,22): error TS2307: Cannot find module '@radix-ui/react-slot@1.1.2' or its corresponding type declarations.
src/components/ui/form.tsx(14,8): error TS2307: Cannot find module 'react-hook-form@7.55.0' or its corresponding type declarations.
src/components/ui/hover-card.tsx(4,37): error TS2307: Cannot find module '@radix-ui/react-hover-card@1.1.6' or its corresponding type declarations.
src/components/ui/input-otp.tsx(4,43): error TS2307: Cannot find module 'input-otp@1.4.2' or its corresponding type declarations.
src/components/ui/input-otp.tsx(5,27): error TS2307: Cannot find module 'lucide-react@0.487.0' or its corresponding type declarations.
src/components/ui/input-otp.tsx(47,61): error TS2339: Property 'slots' does not exist on type '{}'.
src/components/ui/label.tsx(4,33): error TS2307: Cannot find module '@radix-ui/react-label@2.1.2' or its corresponding type declarations.
src/components/ui/menubar.tsx(4,35): error TS2307: Cannot find module '@radix-ui/react-menubar@1.1.6' or its corresponding type declarations.
src/components/ui/menubar.tsx(5,57): error TS2307: Cannot find module 'lucide-react@0.487.0' or its corresponding type declarations.
src/components/ui/navigation-menu.tsx(2,42): error TS2307: Cannot find module '@radix-ui/react-navigation-menu@1.2.5' or its corresponding type declarations.
src/components/ui/navigation-menu.tsx(3,21): error TS2307: Cannot find module 'class-variance-authority@0.7.1' or its corresponding type declarations.
src/components/ui/navigation-menu.tsx(4,33): error TS2307: Cannot find module 'lucide-react@0.487.0' or its corresponding type declarations.
src/components/ui/pagination.tsx(6,8): error TS2307: Cannot find module 'lucide-react@0.487.0' or its corresponding type declarations.
src/components/ui/pagination.tsx(75,7): error TS2783: 'size' is specified more than once, so this usage will be overwritten.
src/components/ui/pagination.tsx(92,7): error TS2783: 'size' is specified more than once, so this usage will be overwritten.
src/components/ui/popover.tsx(4,35): error TS2307: Cannot find module '@radix-ui/react-popover@1.1.6' or its corresponding type declarations.
src/components/ui/progress.tsx(4,36): error TS2307: Cannot find module '@radix-ui/react-progress@1.1.2' or its corresponding type declarations.
src/components/ui/radio-group.tsx(4,38): error TS2307: Cannot find module '@radix-ui/react-radio-group@1.2.3' or its corresponding type declarations.
src/components/ui/radio-group.tsx(5,28): error TS2307: Cannot find module 'lucide-react@0.487.0' or its corresponding type declarations.
src/components/ui/resizable.tsx(4,34): error TS2307: Cannot find module 'lucide-react@0.487.0' or its corresponding type declarations.
src/components/ui/resizable.tsx(5,37): error TS2307: Cannot find module 'react-resizable-panels@2.1.7' or its corresponding type declarations.
src/components/ui/scroll-area.tsx(4,38): error TS2307: Cannot find module '@radix-ui/react-scroll-area@1.2.3' or its corresponding type declarations.
src/components/ui/select.tsx(4,34): error TS2307: Cannot find module '@radix-ui/react-select@2.1.6' or its corresponding type declarations.
src/components/ui/select.tsx(9,8): error TS2307: Cannot find module 'lucide-react@0.487.0' or its corresponding type declarations.
src/components/ui/separator.tsx(4,37): error TS2307: Cannot find module '@radix-ui/react-separator@1.1.2' or its corresponding type declarations.
src/components/ui/sheet.tsx(4,33): error TS2307: Cannot find module '@radix-ui/react-dialog@1.1.6' or its corresponding type declarations.
src/components/ui/sheet.tsx(5,23): error TS2307: Cannot find module 'lucide-react@0.487.0' or its corresponding type declarations.
src/components/ui/sidebar.tsx(4,22): error TS2307: Cannot find module '@radix-ui/react-slot@1.1.2' or its corresponding type declarations.
src/components/ui/sidebar.tsx(5,35): error TS2307: Cannot find module 'class-variance-authority@0.7.1' or its corresponding type declarations.
src/components/ui/sidebar.tsx(6,31): error TS2307: Cannot find module 'lucide-react@0.487.0' or its corresponding type declarations.
src/components/ui/sidebar.tsx(270,17): error TS7006: Parameter 'event' implicitly has an 'any' type.
src/components/ui/slider.tsx(4,34): error TS2307: Cannot find module '@radix-ui/react-slider@1.2.3' or its corresponding type declarations.
src/components/ui/sonner.tsx(3,49): error TS2307: Cannot find module 'sonner@2.0.3' or its corresponding type declarations.
src/components/ui/switch.tsx(4,34): error TS2307: Cannot find module '@radix-ui/react-switch@1.1.3' or its corresponding type declarations.
src/components/ui/tabs.tsx(4,32): error TS2307: Cannot find module '@radix-ui/react-tabs@1.1.3' or its corresponding type declarations.
src/components/ui/toggle-group.tsx(4,39): error TS2307: Cannot find module '@radix-ui/react-toggle-group@1.1.2' or its corresponding type declarations.
src/components/ui/toggle-group.tsx(5,35): error TS2307: Cannot find module 'class-variance-authority@0.7.1' or its corresponding type declarations.
src/components/ui/toggle.tsx(4,34): error TS2307: Cannot find module '@radix-ui/react-toggle@1.1.2' or its corresponding type declarations.
src/components/ui/toggle.tsx(5,40): error TS2307: Cannot find module 'class-variance-authority@0.7.1' or its corresponding type declarations.
src/components/ui/tooltip.tsx(4,35): error TS2307: Cannot find module '@radix-ui/react-tooltip@1.1.8' or its corresponding type declarations.
src/components/ViewPayrollLinesModal.tsx(88,56): error TS2345: Argument of type '"new_hire" | "mid_month_exit" | "both"' is not assignable to parameter of type '"new_hire" | "mid_month_exit" | "promotion" | "combined" | null'.
  Type '"both"' is not assignable to type '"new_hire" | "mid_month_exit" | "promotion" | "combined" | null'.
src/contexts/AuthContext.tsx(33,21): error TS2345: Argument of type '{ id: any; email: any; full_name: any; role: any; department: any; staff_id: any; permissions: any; status: any; must_change_password: any; created_at: any; }' is not assignable to parameter of type 'SetStateAction<User | null>'.
  Property 'password_hash' is missing in type '{ id: any; email: any; full_name: any; role: any; department: any; staff_id: any; permissions: any; status: any; must_change_password: any; created_at: any; }' but required in type 'User'.
src/contexts/AuthContext.tsx(62,21): error TS2345: Argument of type '{ id: any; email: any; full_name: any; role: any; department: any; staff_id: any; permissions: any; status: any; must_change_password: any; created_at: any; }' is not assignable to parameter of type 'SetStateAction<User | null>'.
  Property 'password_hash' is missing in type '{ id: any; email: any; full_name: any; role: any; department: any; staff_id: any; permissions: any; status: any; must_change_password: any; created_at: any; }' but required in type 'User'.
src/contexts/AuthContext.tsx(80,17): error TS2345: Argument of type '{ id: any; email: any; full_name: any; role: any; department: any; staff_id: any; permissions: any; status: any; must_change_password: any; created_at: any; }' is not assignable to parameter of type 'SetStateAction<User | null>'.
  Property 'password_hash' is missing in type '{ id: any; email: any; full_name: any; role: any; department: any; staff_id: any; permissions: any; status: any; must_change_password: any; created_at: any; }' but required in type 'User'.
src/hooks/useNetworkStatus.ts(23,36): error TS2339: Property 'env' does not exist on type 'ImportMeta'.
src/lib/__tests__/proration-calculator.test.ts(16,1): error TS2582: Cannot find name 'describe'. Do you need to install type definitions for a test runner? Try `npm i --save-dev @types/jest` or `npm i --save-dev @types/mocha`.
src/lib/__tests__/proration-calculator.test.ts(20,3): error TS2582: Cannot find name 'describe'. Do you need to install type definitions for a test runner? Try `npm i --save-dev @types/jest` or `npm i --save-dev @types/mocha`.
src/lib/__tests__/proration-calculator.test.ts(21,5): error TS2582: Cannot find name 'it'. Do you need to install type definitions for a test runner? Try `npm i --save-dev @types/jest` or `npm i --save-dev @types/mocha`.
src/lib/__tests__/proration-calculator.test.ts(28,7): error TS2304: Cannot find name 'expect'.
src/lib/__tests__/proration-calculator.test.ts(29,7): error TS2304: Cannot find name 'expect'.
src/lib/__tests__/proration-calculator.test.ts(30,7): error TS2304: Cannot find name 'expect'.
src/lib/__tests__/proration-calculator.test.ts(34,3): error TS2582: Cannot find name 'describe'. Do you need to install type definitions for a test runner? Try `npm i --save-dev @types/jest` or `npm i --save-dev @types/mocha`.
src/lib/__tests__/proration-calculator.test.ts(35,5): error TS2582: Cannot find name 'it'. Do you need to install type definitions for a test runner? Try `npm i --save-dev @types/jest` or `npm i --save-dev @types/mocha`.
src/lib/__tests__/proration-calculator.test.ts(43,7): error TS2304: Cannot find name 'expect'.
src/lib/__tests__/proration-calculator.test.ts(44,7): error TS2304: Cannot find name 'expect'.
src/lib/__tests__/proration-calculator.test.ts(45,7): error TS2304: Cannot find name 'expect'.
src/lib/__tests__/proration-calculator.test.ts(49,3): error TS2582: Cannot find name 'describe'. Do you need to install type definitions for a test runner? Try `npm i --save-dev @types/jest` or `npm i --save-dev @types/mocha`.
src/lib/__tests__/proration-calculator.test.ts(50,5): error TS2582: Cannot find name 'it'. Do you need to install type definitions for a test runner? Try `npm i --save-dev @types/jest` or `npm i --save-dev @types/mocha`.
src/lib/__tests__/proration-calculator.test.ts(64,7): error TS2304: Cannot find name 'expect'.
src/lib/__tests__/proration-calculator.test.ts(65,7): error TS2304: Cannot find name 'expect'.
src/lib/__tests__/proration-calculator.test.ts(66,7): error TS2304: Cannot find name 'expect'.
src/lib/__tests__/proration-calculator.test.ts(67,7): error TS2304: Cannot find name 'expect'.
src/lib/__tests__/proration-calculator.test.ts(68,7): error TS2304: Cannot find name 'expect'.
src/lib/__tests__/proration-calculator.test.ts(69,7): error TS2304: Cannot find name 'expect'.
src/lib/__tests__/proration-calculator.test.ts(70,7): error TS2304: Cannot find name 'expect'.
src/lib/__tests__/proration-calculator.test.ts(78,3): error TS2582: Cannot find name 'describe'. Do you need to install type definitions for a test runner? Try `npm i --save-dev @types/jest` or `npm i --save-dev @types/mocha`.
src/lib/__tests__/proration-calculator.test.ts(79,5): error TS2582: Cannot find name 'it'. Do you need to install type definitions for a test runner? Try `npm i --save-dev @types/jest` or `npm i --save-dev @types/mocha`.
src/lib/__tests__/proration-calculator.test.ts(94,7): error TS2304: Cannot find name 'expect'.
src/lib/__tests__/proration-calculator.test.ts(95,7): error TS2304: Cannot find name 'expect'.
src/lib/__tests__/proration-calculator.test.ts(96,7): error TS2304: Cannot find name 'expect'.
src/lib/__tests__/proration-calculator.test.ts(97,7): error TS2304: Cannot find name 'expect'.
src/lib/__tests__/proration-calculator.test.ts(101,7): error TS2304: Cannot find name 'expect'.
src/lib/__tests__/proration-calculator.test.ts(102,7): error TS2304: Cannot find name 'expect'.
src/lib/__tests__/proration-calculator.test.ts(106,3): error TS2582: Cannot find name 'describe'. Do you need to install type definitions for a test runner? Try `npm i --save-dev @types/jest` or `npm i --save-dev @types/mocha`.
src/lib/__tests__/proration-calculator.test.ts(107,5): error TS2582: Cannot find name 'it'. Do you need to install type definitions for a test runner? Try `npm i --save-dev @types/jest` or `npm i --save-dev @types/mocha`.
src/lib/__tests__/proration-calculator.test.ts(123,7): error TS2304: Cannot find name 'expect'.
src/lib/__tests__/proration-calculator.test.ts(124,7): error TS2304: Cannot find name 'expect'.
src/lib/__tests__/proration-calculator.test.ts(125,7): error TS2304: Cannot find name 'expect'.
src/lib/__tests__/proration-calculator.test.ts(126,7): error TS2304: Cannot find name 'expect'.
src/lib/__tests__/proration-calculator.test.ts(130,7): error TS2304: Cannot find name 'expect'.
src/lib/__tests__/proration-calculator.test.ts(131,7): error TS2304: Cannot find name 'expect'.
src/lib/__tests__/proration-calculator.test.ts(132,7): error TS2304: Cannot find name 'expect'.
src/lib/__tests__/proration-calculator.test.ts(138,3): error TS2582: Cannot find name 'describe'. Do you need to install type definitions for a test runner? Try `npm i --save-dev @types/jest` or `npm i --save-dev @types/mocha`.
src/lib/__tests__/proration-calculator.test.ts(139,5): error TS2582: Cannot find name 'it'. Do you need to install type definitions for a test runner? Try `npm i --save-dev @types/jest` or `npm i --save-dev @types/mocha`.
src/lib/__tests__/proration-calculator.test.ts(153,7): error TS2304: Cannot find name 'expect'.
src/lib/__tests__/proration-calculator.test.ts(154,7): error TS2304: Cannot find name 'expect'.
src/lib/__tests__/proration-calculator.test.ts(155,7): error TS2304: Cannot find name 'expect'.
src/lib/__tests__/proration-calculator.test.ts(156,7): error TS2304: Cannot find name 'expect'.
src/lib/__tests__/proration-calculator.test.ts(157,7): error TS2304: Cannot find name 'expect'.
src/lib/__tests__/proration-calculator.test.ts(161,7): error TS2304: Cannot find name 'expect'.
src/lib/__tests__/proration-calculator.test.ts(162,7): error TS2304: Cannot find name 'expect'.
src/lib/__tests__/proration-calculator.test.ts(163,7): error TS2304: Cannot find name 'expect'.
src/lib/__tests__/proration-calculator.test.ts(169,3): error TS2582: Cannot find name 'describe'. Do you need to install type definitions for a test runner? Try `npm i --save-dev @types/jest` or `npm i --save-dev @types/mocha`.
src/lib/__tests__/proration-calculator.test.ts(170,5): error TS2582: Cannot find name 'it'. Do you need to install type definitions for a test runner? Try `npm i --save-dev @types/jest` or `npm i --save-dev @types/mocha`.
src/lib/__tests__/proration-calculator.test.ts(183,7): error TS2304: Cannot find name 'expect'.
src/lib/__tests__/proration-calculator.test.ts(184,7): error TS2304: Cannot find name 'expect'.
src/lib/__tests__/proration-calculator.test.ts(188,3): error TS2582: Cannot find name 'describe'. Do you need to install type definitions for a test runner? Try `npm i --save-dev @types/jest` or `npm i --save-dev @types/mocha`.
src/lib/__tests__/proration-calculator.test.ts(189,5): error TS2582: Cannot find name 'it'. Do you need to install type definitions for a test runner? Try `npm i --save-dev @types/jest` or `npm i --save-dev @types/mocha`.
src/lib/__tests__/proration-calculator.test.ts(202,7): error TS2304: Cannot find name 'expect'.
src/lib/__tests__/proration-calculator.test.ts(208,3): error TS2582: Cannot find name 'describe'. Do you need to install type definitions for a test runner? Try `npm i --save-dev @types/jest` or `npm i --save-dev @types/mocha`.
src/lib/__tests__/proration-calculator.test.ts(209,5): error TS2582: Cannot find name 'it'. Do you need to install type definitions for a test runner? Try `npm i --save-dev @types/jest` or `npm i --save-dev @types/mocha`.
src/lib/__tests__/proration-calculator.test.ts(236,7): error TS2304: Cannot find name 'expect'.
src/lib/__tests__/proration-calculator.test.ts(237,7): error TS2304: Cannot find name 'expect'.
src/lib/__tests__/proration-calculator.test.ts(241,7): error TS2304: Cannot find name 'expect'.
src/lib/__tests__/proration-calculator.test.ts(242,7): error TS2304: Cannot find name 'expect'.
src/lib/__tests__/proration-calculator.test.ts(243,7): error TS2304: Cannot find name 'expect'.
src/lib/__tests__/proration-calculator.test.ts(247,7): error TS2304: Cannot find name 'expect'.
src/lib/__tests__/proration-calculator.test.ts(248,7): error TS2304: Cannot find name 'expect'.
src/lib/__tests__/proration-calculator.test.ts(254,3): error TS2582: Cannot find name 'describe'. Do you need to install type definitions for a test runner? Try `npm i --save-dev @types/jest` or `npm i --save-dev @types/mocha`.
src/lib/__tests__/proration-calculator.test.ts(255,5): error TS2582: Cannot find name 'it'. Do you need to install type definitions for a test runner? Try `npm i --save-dev @types/jest` or `npm i --save-dev @types/mocha`.
src/lib/__tests__/proration-calculator.test.ts(257,7): error TS2304: Cannot find name 'expect'.
src/lib/__tests__/proration-calculator.test.ts(260,7): error TS2304: Cannot find name 'expect'.
src/lib/__tests__/proration-calculator.test.ts(267,7): error TS2304: Cannot find name 'expect'.
src/lib/__tests__/proration-calculator.test.ts(270,7): error TS2304: Cannot find name 'expect'.
src/lib/__tests__/proration-calculator.test.ts(274,3): error TS2582: Cannot find name 'describe'. Do you need to install type definitions for a test runner? Try `npm i --save-dev @types/jest` or `npm i --save-dev @types/mocha`.
src/lib/__tests__/proration-calculator.test.ts(275,5): error TS2582: Cannot find name 'it'. Do you need to install type definitions for a test runner? Try `npm i --save-dev @types/jest` or `npm i --save-dev @types/mocha`.
src/lib/__tests__/proration-calculator.test.ts(276,7): error TS2304: Cannot find name 'expect'.
src/lib/__tests__/proration-calculator.test.ts(277,7): error TS2304: Cannot find name 'expect'.
src/lib/__tests__/proration-calculator.test.ts(278,7): error TS2304: Cannot find name 'expect'.
src/lib/__tests__/proration-calculator.test.ts(279,7): error TS2304: Cannot find name 'expect'.
src/lib/__tests__/proration-calculator.test.ts(280,7): error TS2304: Cannot find name 'expect'.
src/lib/__tests__/proration-calculator.test.ts(286,3): error TS2582: Cannot find name 'describe'. Do you need to install type definitions for a test runner? Try `npm i --save-dev @types/jest` or `npm i --save-dev @types/mocha`.
src/lib/__tests__/proration-calculator.test.ts(287,5): error TS2582: Cannot find name 'it'. Do you need to install type definitions for a test runner? Try `npm i --save-dev @types/jest` or `npm i --save-dev @types/mocha`.
src/lib/__tests__/proration-calculator.test.ts(297,7): error TS2304: Cannot find name 'expect'.
src/lib/__tests__/proration-calculator.test.ts(303,3): error TS2582: Cannot find name 'describe'. Do you need to install type definitions for a test runner? Try `npm i --save-dev @types/jest` or `npm i --save-dev @types/mocha`.
src/lib/__tests__/proration-calculator.test.ts(304,5): error TS2582: Cannot find name 'it'. Do you need to install type definitions for a test runner? Try `npm i --save-dev @types/jest` or `npm i --save-dev @types/mocha`.
src/lib/__tests__/proration-calculator.test.ts(318,7): error TS2304: Cannot find name 'expect'.
src/lib/__tests__/proration-calculator.test.ts(321,7): error TS2304: Cannot find name 'expect'.
src/lib/__tests__/proration-calculator.test.ts(322,7): error TS2304: Cannot find name 'expect'.
src/lib/__tests__/proration-calculator.test.ts(323,7): error TS2304: Cannot find name 'expect'.
src/lib/__tests__/proration-calculator.test.ts(330,1): error TS2582: Cannot find name 'describe'. Do you need to install type definitions for a test runner? Try `npm i --save-dev @types/jest` or `npm i --save-dev @types/mocha`.
src/lib/__tests__/proration-calculator.test.ts(331,3): error TS2582: Cannot find name 'it'. Do you need to install type definitions for a test runner? Try `npm i --save-dev @types/jest` or `npm i --save-dev @types/mocha`.
src/lib/__tests__/proration-calculator.test.ts(360,5): error TS2304: Cannot find name 'expect'.
src/lib/__tests__/proration-calculator.test.ts(361,5): error TS2304: Cannot find name 'expect'.
src/lib/__tests__/proration-calculator.test.ts(362,5): error TS2304: Cannot find name 'expect'.
src/lib/__tests__/proration-calculator.test.ts(363,5): error TS2304: Cannot find name 'expect'.
src/lib/__tests__/proration-calculator.test.ts(364,5): error TS2304: Cannot find name 'expect'.
src/lib/__tests__/proration-calculator.test.ts(367,5): error TS2304: Cannot find name 'expect'.
src/lib/__tests__/proration-calculator.test.ts(368,5): error TS2304: Cannot find name 'expect'.
src/lib/__tests__/proration-calculator.test.ts(369,5): error TS2304: Cannot find name 'expect'.
src/lib/__tests__/proration-calculator.test.ts(372,5): error TS2304: Cannot find name 'expect'.
src/lib/__tests__/proration-calculator.test.ts(373,5): error TS2304: Cannot find name 'expect'.
src/lib/__tests__/proration-calculator.test.ts(374,5): error TS2304: Cannot find name 'expect'.
src/lib/__tests__/proration-calculator.test.ts(379,5): error TS2304: Cannot find name 'expect'.
src/lib/__tests__/proration-calculator.test.ts(380,5): error TS2304: Cannot find name 'expect'.
src/lib/__tests__/proration-calculator.test.ts(381,5): error TS2304: Cannot find name 'expect'.
src/lib/api-client.ts(11,24): error TS2339: Property 'env' does not exist on type 'ImportMeta'.
src/lib/api-client.ts(14,22): error TS2339: Property 'env' does not exist on type 'ImportMeta'.
src/lib/api-client.ts(15,26): error TS2339: Property 'env' does not exist on type 'ImportMeta'.
src/lib/api-staff-specific.ts(4,34): error TS2339: Property 'env' does not exist on type 'ImportMeta'.
src/lib/bankAPI.ts(21,34): error TS2339: Property 'env' does not exist on type 'ImportMeta'.
src/lib/leave-calculator.ts(134,37): error TS2339: Property 'env' does not exist on type 'ImportMeta'.
src/lib/leave-calculator.ts(175,55): error TS2339: Property 'days_requested' does not exist on type 'LeaveRequest'.
src/lib/leave-calculator.ts(180,57): error TS2339: Property 'days_requested' does not exist on type 'LeaveRequest'.
src/lib/loanAPI.ts(19,34): error TS2339: Property 'env' does not exist on type 'ImportMeta'.
src/lib/loanAPI.ts(305,46): error TS7006: Parameter 'loan' implicitly has an 'any' type.
src/lib/loanAPI.ts(326,29): error TS7006: Parameter 'guarantor' implicitly has an 'any' type.
src/lib/loanAPI.ts(360,45): error TS7006: Parameter 'g' implicitly has an 'any' type.
src/lib/loanAPI.ts(361,44): error TS7006: Parameter 'g' implicitly has an 'any' type.
src/lib/loanAPI.ts(483,36): error TS7006: Parameter 'a' implicitly has an 'any' type.
src/lib/loanAPI.ts(483,39): error TS7006: Parameter 'b' implicitly has an 'any' type.
src/lib/loanAPI.ts(554,57): error TS7006: Parameter 'd' implicitly has an 'any' type.
src/lib/loanAPI.ts(567,48): error TS7006: Parameter 'r' implicitly has an 'any' type.
src/lib/loanAPI.ts(611,30): error TS7006: Parameter 'c' implicitly has an 'any' type.
src/lib/loanAPI.ts(647,25): error TS7006: Parameter 'm' implicitly has an 'any' type.
src/lib/loanAPI.ts(725,43): error TS7006: Parameter 'l' implicitly has an 'any' type.
src/lib/loanAPI.ts(730,37): error TS7006: Parameter 'a' implicitly has an 'any' type.
src/lib/loanAPI.ts(730,40): error TS7006: Parameter 'b' implicitly has an 'any' type.
src/lib/loanAPI.ts(756,42): error TS7006: Parameter 'm' implicitly has an 'any' type.
src/lib/loanAPI.ts(760,43): error TS7006: Parameter 'l' implicitly has an 'any' type.
src/lib/loanAPI.ts(761,49): error TS7006: Parameter 'l' implicitly has an 'any' type.
src/lib/loanAPI.ts(767,50): error TS7006: Parameter 'sum' implicitly has an 'any' type.
src/lib/loanAPI.ts(767,55): error TS7006: Parameter 'c' implicitly has an 'any' type.
src/lib/loanAPI.ts(768,55): error TS7006: Parameter 'sum' implicitly has an 'any' type.
src/lib/loanAPI.ts(768,60): error TS7006: Parameter 'l' implicitly has an 'any' type.
src/lib/loanAPI.ts(769,46): error TS7006: Parameter 'sum' implicitly has an 'any' type.
src/lib/loanAPI.ts(769,51): error TS7006: Parameter 'l' implicitly has an 'any' type.
src/lib/loanAPI.ts(771,33): error TS7006: Parameter 'sum' implicitly has an 'any' type.
src/lib/loanAPI.ts(771,38): error TS7006: Parameter 'm' implicitly has an 'any' type.
src/lib/loanAPI.ts(786,54): error TS7006: Parameter 'd' implicitly has an 'any' type.
src/lib/loanAPI.ts(787,53): error TS7006: Parameter 'a' implicitly has an 'any' type.
src/lib/loanAPI.ts(792,50): error TS7006: Parameter 'a' implicitly has an 'any' type.
src/lib/loanAPI.ts(793,50): error TS7006: Parameter 'a' implicitly has an 'any' type.
src/lib/loanAPI.ts(795,45): error TS7006: Parameter 'd' implicitly has an 'any' type.
src/lib/loanAPI.ts(796,46): error TS7006: Parameter 'sum' implicitly has an 'any' type.
src/lib/loanAPI.ts(796,51): error TS7006: Parameter 'd' implicitly has an 'any' type.
src/lib/loanAPI.ts(797,54): error TS7006: Parameter 'sum' implicitly has an 'any' type.
src/lib/loanAPI.ts(797,59): error TS7006: Parameter 'd' implicitly has an 'any' type.
src/lib/loanAPI.ts(798,43): error TS7006: Parameter 'sum' implicitly has an 'any' type.
src/lib/loanAPI.ts(798,48): error TS7006: Parameter 'd' implicitly has an 'any' type.
src/lib/loanAPI.ts(799,43): error TS7006: Parameter 'm' implicitly has an 'any' type.
src/lib/loanAPI.ts(800,44): error TS7006: Parameter 'sum' implicitly has an 'any' type.
src/lib/loanAPI.ts(800,49): error TS7006: Parameter 'm' implicitly has an 'any' type.
src/lib/loanAPI.ts(809,26): error TS7006: Parameter 'type' implicitly has an 'any' type.
src/lib/loanAPI.ts(810,52): error TS7006: Parameter 'a' implicitly has an 'any' type.
src/lib/loanAPI.ts(811,48): error TS7006: Parameter 'a' implicitly has an 'any' type.
src/lib/loanAPI.ts(817,40): error TS7006: Parameter 'sum' implicitly has an 'any' type.
src/lib/loanAPI.ts(817,45): error TS7006: Parameter 'a' implicitly has an 'any' type.
src/lib/notification-integration.ts(417,17): error TS7006: Parameter 'user' implicitly has an 'any' type.
src/lib/notification-integration.ts(418,14): error TS7006: Parameter 'user' implicitly has an 'any' type.
src/lib/notification-seeder.ts(33,9): error TS2561: Object literal may only specify known properties, but 'created_at' does not exist in type 'CreateNotificationInput'. Did you mean to write 'created_by'?
src/lib/notification-seeder.ts(46,9): error TS2561: Object literal may only specify known properties, but 'created_at' does not exist in type 'CreateNotificationInput'. Did you mean to write 'created_by'?
src/lib/notification-seeder.ts(57,9): error TS2561: Object literal may only specify known properties, but 'created_at' does not exist in type 'CreateNotificationInput'. Did you mean to write 'created_by'?
src/lib/notification-seeder.ts(73,9): error TS2561: Object literal may only specify known properties, but 'created_at' does not exist in type 'CreateNotificationInput'. Did you mean to write 'created_by'?
src/lib/notification-seeder.ts(89,9): error TS2561: Object literal may only specify known properties, but 'created_at' does not exist in type 'CreateNotificationInput'. Did you mean to write 'created_by'?
src/lib/notification-seeder.ts(102,9): error TS2561: Object literal may only specify known properties, but 'created_at' does not exist in type 'CreateNotificationInput'. Did you mean to write 'created_by'?
src/lib/notification-seeder.ts(118,9): error TS2561: Object literal may only specify known properties, but 'created_at' does not exist in type 'CreateNotificationInput'. Did you mean to write 'created_by'?
src/lib/notification-seeder.ts(131,9): error TS2561: Object literal may only specify known properties, but 'created_at' does not exist in type 'CreateNotificationInput'. Did you mean to write 'created_by'?
src/lib/notification-seeder.ts(147,9): error TS2561: Object literal may only specify known properties, but 'created_at' does not exist in type 'CreateNotificationInput'. Did you mean to write 'created_by'?
src/lib/notification-seeder.ts(158,9): error TS2561: Object literal may only specify known properties, but 'created_at' does not exist in type 'CreateNotificationInput'. Did you mean to write 'created_by'?
src/lib/notification-seeder.ts(169,9): error TS2561: Object literal may only specify known properties, but 'created_at' does not exist in type 'CreateNotificationInput'. Did you mean to write 'created_by'?
src/lib/notification-seeder.ts(180,9): error TS2561: Object literal may only specify known properties, but 'created_at' does not exist in type 'CreateNotificationInput'. Did you mean to write 'created_by'?
src/lib/notification-seeder.ts(192,7): error TS2561: Object literal may only specify known properties, but 'created_at' does not exist in type 'CreateNotificationInput'. Did you mean to write 'created_by'?
src/lib/notificationAPI.ts(6,34): error TS2339: Property 'env' does not exist on type 'ImportMeta'.
src/lib/proration-calculator.ts(187,5): error TS2322: Type '"both"' is not assignable to type '"new_hire" | "mid_month_exit" | "promotion" | "combined"'.
src/lib/proration-calculator.ts(215,23): error TS2454: Variable 'prorationReason' is used before being assigned.
src/lib/reportsAPI.ts(4,34): error TS2339: Property 'env' does not exist on type 'ImportMeta'.
src/pages/admin/AuditLogPage.tsx(122,53): error TS2353: Object literal may only specify known properties, and 'active' does not exist in type 'BreadcrumbItem'.
src/pages/admin/TaxConfigurationPage.tsx(163,61): error TS2353: Object literal may only specify known properties, and 'href' does not exist in type 'BreadcrumbItem'.
src/pages/admin/TaxConfigurationPage.tsx(201,37): error TS7006: Parameter 'checked' implicitly has an 'any' type.
src/pages/AdminPage.tsx(163,9): error TS2554: Expected 2 arguments, but got 4.
src/pages/AdminPage.tsx(218,11): error TS2741: Property 'payroll_loader' is missing in type '{ admin: string[]; payroll_officer: string[]; hr_manager: string[]; reviewer: string[]; approver: string[]; auditor: string[]; cashier: string[]; staff: string[]; }' but required in type 'Record<"admin" | "payroll_officer" | "hr_manager" | "reviewer" | "approver" | "auditor" | "cashier" | "staff" | "payroll_loader", string[]>'.
src/pages/AdminPage.tsx(344,45): error TS2345: Argument of type 'string' is not assignable to parameter of type 'SetStateAction<"settings" | "users">'.
src/pages/AdminPage.tsx(552,51): error TS7006: Parameter 'stage' implicitly has an 'any' type.
src/pages/AdminPage.tsx(552,58): error TS7006: Parameter 'index' implicitly has an 'any' type.
src/pages/AdminPage.tsx(570,40): error TS7006: Parameter 'zone' implicitly has an 'any' type.
src/pages/AdminPage.tsx(570,46): error TS7006: Parameter 'index' implicitly has an 'any' type.
src/pages/approvals/ApprovalsPage.tsx(366,30): error TS2554: Expected 4 arguments, but got 3.
src/pages/approvals/ApprovalsPage.tsx(582,9): error TS2322: Type '"large"' is not assignable to type '"sm" | "md" | "lg" | "xl" | "full" | undefined'.
src/pages/ApprovalsPage.tsx(579,16): error TS2304: Cannot find name 'Loader2'.
src/pages/ApprovalsPage.tsx(591,16): error TS2304: Cannot find name 'Loader2'.
src/pages/ApprovalsPageEnhanced.tsx(104,47): error TS7006: Parameter 'p' implicitly has an 'any' type.
src/pages/ApprovalsPageEnhanced.tsx(108,31): error TS7006: Parameter 'p' implicitly has an 'any' type.
src/pages/ApprovalsPageEnhanced.tsx(121,11): error TS2367: This comparison appears to be unintentional because the types '"payroll_officer" | "hr_manager" | "reviewer" | "approver" | "auditor" | "cashier" | "staff" | "payroll_loader" | undefined' and '"super_admin"' have no overlap.
src/pages/ApprovalsPageEnhanced.tsx(365,30): error TS2554: Expected 4 arguments, but got 3.
src/pages/ApprovalsPageEnhanced.tsx(776,8): error TS2367: This comparison appears to be unintentional because the types 'TabType' and '"history"' have no overlap.
src/pages/ArrearsPage.tsx(40,40): error TS7006: Parameter 'b' implicitly has an 'any' type.
src/pages/BankPaymentsPage.tsx(62,52): error TS2304: Cannot find name 'BankAccount'.
src/pages/BankPaymentsPage.tsx(71,62): error TS2304: Cannot find name 'PaymentTransaction'.
src/pages/BankPaymentsPage.tsx(92,44): error TS2304: Cannot find name 'BankAccount'.
src/pages/BankPaymentsPage.tsx(119,42): error TS7006: Parameter 'p' implicitly has an 'any' type.
src/pages/BankPaymentsPage.tsx(386,75): error TS2322: Type '"open" | "investigating" | "resolved" | "closed"' is not assignable to type 'BadgeStatus'.
  Type '"open"' is not assignable to type 'BadgeStatus'.
src/pages/BankPaymentsPage.tsx(391,59): error TS2304: Cannot find name 'BankAccount'.
src/pages/BankPaymentsPage.tsx(392,69): error TS2304: Cannot find name 'BankAccount'.
src/pages/BankPaymentsPage.tsx(393,65): error TS2304: Cannot find name 'BankAccount'.
src/pages/BankPaymentsPage.tsx(394,39): error TS2304: Cannot find name 'BankAccount'.
src/pages/BankPaymentsPage.tsx(397,23): error TS2304: Cannot find name 'BankAccount'.
src/pages/BankPaymentsPage.tsx(724,9): error TS2322: Type '"large"' is not assignable to type '"sm" | "md" | "lg" | "xl" | "full" | undefined'.
src/pages/CashierDashboardPage.tsx(8,23): error TS2307: Cannot find module 'sonner@2.0.3' or its corresponding type declarations.
src/pages/CashierDashboardPage.tsx(50,17): error TS7006: Parameter 'b' implicitly has an 'any' type.
src/pages/CashierDashboardPage.tsx(51,16): error TS7006: Parameter 'a' implicitly has an 'any' type.
src/pages/CashierDashboardPage.tsx(51,19): error TS7006: Parameter 'b' implicitly has an 'any' type.
src/pages/ChangePasswordPage.tsx(4,23): error TS2307: Cannot find module 'sonner@2.0.3' or its corresponding type declarations.
src/pages/CooperativeManagementPage.tsx(134,16): error TS2352: Conversion of type '{ id: any; staff_number: any; bio_data: { first_name: any; last_name: any; middle_name: any; email: any; phone: any; address: any; gender: any; date_of_birth: any; marital_status: any; state_of_origin: any; lga_of_origin: any; }; appointment: { ...; }; salary_info: { ...; }; next_of_kin: { ...; }; status: any; }' to type 'Staff' may be a mistake because neither type sufficiently overlaps with the other. If this was intentional, convert the expression to 'unknown' first.
  Type '{ id: any; staff_number: any; bio_data: { first_name: any; last_name: any; middle_name: any; email: any; phone: any; address: any; gender: any; date_of_birth: any; marital_status: any; state_of_origin: any; lga_of_origin: any; }; appointment: { ...; }; salary_info: { ...; }; next_of_kin: { ...; }; status: any; }' is missing the following properties from type 'Staff': created_at, updated_at, created_by
src/pages/CooperativeManagementPage.tsx(175,32): error TS7006: Parameter 's' implicitly has an 'any' type.
src/pages/CooperativeManagementPage.tsx(273,9): error TS2353: Object literal may only specify known properties, and 'payment_date' does not exist in type '{ cooperative_id: string; member_id: string; contribution_month: string; amount: number; contribution_type: "regular" | "voluntary" | "share_capital" | "special_levy"; payroll_batch_id?: string | undefined; payment_method: "bank_transfer" | ... 1 more ... | "payroll_deduction"; receipt_number?: string | undefined; }'.
src/pages/CooperativeReportsPage.tsx(365,50): error TS7006: Parameter 'c' implicitly has an 'any' type.
src/pages/CooperativeReportsPage.tsx(373,52): error TS7006: Parameter 'sum' implicitly has an 'any' type.
src/pages/CooperativeReportsPage.tsx(373,57): error TS7006: Parameter 'c' implicitly has an 'any' type.
src/pages/CooperativeReportsPage.tsx(374,57): error TS7006: Parameter 'c' implicitly has an 'any' type.
src/pages/CooperativeReportsPage.tsx(383,60): error TS7006: Parameter 'c' implicitly has an 'any' type.
src/pages/CooperativeReportsPage.tsx(510,36): error TS7006: Parameter 'l' implicitly has an 'any' type.
src/pages/CooperativeReportsPage.tsx(513,36): error TS7006: Parameter 'l' implicitly has an 'any' type.
src/pages/CooperativeReportsPage.tsx(517,34): error TS7006: Parameter 'l' implicitly has an 'any' type.
src/pages/CooperativeReportsPage.tsx(525,47): error TS7006: Parameter 'sum' implicitly has an 'any' type.
src/pages/CooperativeReportsPage.tsx(525,52): error TS7006: Parameter 'l' implicitly has an 'any' type.
src/pages/CooperativeReportsPage.tsx(526,49): error TS7006: Parameter 'sum' implicitly has an 'any' type.
src/pages/CooperativeReportsPage.tsx(526,54): error TS7006: Parameter 'l' implicitly has an 'any' type.
src/pages/CooperativeReportsPage.tsx(527,44): error TS7006: Parameter 'sum' implicitly has an 'any' type.
src/pages/CooperativeReportsPage.tsx(527,49): error TS7006: Parameter 'l' implicitly has an 'any' type.
src/pages/CooperativeReportsPage.tsx(534,52): error TS7006: Parameter 'l' implicitly has an 'any' type.
src/pages/CooperativeReportsPage.tsx(631,28): error TS2339: Property 'amount_disbursed' does not exist on type 'LoanDisbursement'.
src/pages/CooperativeReportsPage.tsx(637,28): error TS2339: Property 'outstanding_balance' does not exist on type 'LoanDisbursement'.
src/pages/CooperativeReportsPage.tsx(641,28): error TS2339: Property 'repayment_status' does not exist on type 'LoanDisbursement'.
src/pages/CooperativeReportsPage.tsx(642,28): error TS2339: Property 'repayment_status' does not exist on type 'LoanDisbursement'.
src/pages/CooperativeReportsPage.tsx(645,29): error TS2339: Property 'repayment_status' does not exist on type 'LoanDisbursement'.
src/pages/CooperativeReportsPage.tsx(801,26): error TS7006: Parameter 'member' implicitly has an 'any' type.
src/pages/CustomReportBuilderPage.tsx(432,39): error TS7006: Parameter 'checked' implicitly has an 'any' type.
src/pages/CustomReportBuilderPage.tsx(824,56): error TS7006: Parameter 'value' implicitly has an 'any' type.
src/pages/DashboardPage.tsx(3,26): error TS2307: Cannot find module '../components/StatCard' or its corresponding type declarations.
src/pages/DashboardPage.tsx(344,10): error TS2741: Property 'isOpen' is missing in type '{ children: Element; title: string; onClose: () => void; }' but required in type 'ModalProps'.
src/pages/DepartmentManagementPage.tsx(72,7): error TS2322: Type '"active" | "inactive"' is not assignable to type '"active"'.
  Type '"inactive"' is not assignable to type '"active"'.
src/pages/DepartmentManagementPage.tsx(380,65): error TS2322: Type '"active" | "inactive"' is not assignable to type '"active"'.
  Type '"inactive"' is not assignable to type '"active"'.
src/pages/ForgotPasswordPage.tsx(4,23): error TS2307: Cannot find module 'sonner@2.0.3' or its corresponding type declarations.
src/pages/ForgotPasswordPage.tsx(29,51): error TS2339: Property 'env' does not exist on type 'ImportMeta'.
src/pages/ForgotPasswordPage.tsx(45,41): error TS2339: Property 'env' does not exist on type 'ImportMeta'.
src/pages/HRDashboardPage.tsx(62,33): error TS7006: Parameter 's' implicitly has an 'any' type.
src/pages/HRDashboardPage.tsx(63,35): error TS7006: Parameter 's' implicitly has an 'any' type.
src/pages/HRDashboardPage.tsx(64,36): error TS7006: Parameter 's' implicitly has an 'any' type.
src/pages/HRDashboardPage.tsx(65,34): error TS7006: Parameter 's' implicitly has an 'any' type.
src/pages/HRDashboardPage.tsx(66,37): error TS7006: Parameter 's' implicitly has an 'any' type.
src/pages/HRDashboardPage.tsx(70,51): error TS7006: Parameter 'acc' implicitly has an 'any' type.
src/pages/HRDashboardPage.tsx(70,56): error TS7006: Parameter 'leave' implicitly has an 'any' type.
src/pages/HRDashboardPage.tsx(76,52): error TS7006: Parameter 'acc' implicitly has an 'any' type.
src/pages/HRDashboardPage.tsx(76,57): error TS7006: Parameter 'staff' implicitly has an 'any' type.
src/pages/HRDashboardPage.tsx(84,16): error TS7006: Parameter 'a' implicitly has an 'any' type.
src/pages/HRDashboardPage.tsx(84,19): error TS7006: Parameter 'b' implicitly has an 'any' type.
src/pages/LeaveManagementPage.tsx(331,63): error TS2339: Property 'staff_number' does not exist on type 'LeaveRequest'.
src/pages/LoanManagementPage.tsx(523,7): error TS2322: Type '"active" | "inactive"' is not assignable to type '"active"'.
  Type '"inactive"' is not assignable to type '"active"'.
src/pages/NotificationsPage.tsx(335,26): error TS2322: Type '"list"' is not assignable to type '"table" | "grid" | "detail" | undefined'.
src/pages/PayrollPage.tsx(47,29): error TS7006: Parameter 'a' implicitly has an 'any' type.
src/pages/PayrollPage.tsx(47,32): error TS7006: Parameter 'b' implicitly has an 'any' type.
src/pages/PayrollSetupPage.tsx(264,57): error TS2554: Expected 1 arguments, but got 3.
src/pages/PayrollSetupPage.tsx(277,73): error TS2554: Expected 2 arguments, but got 4.
src/pages/PayrollSetupPage.tsx(293,46): error TS2554: Expected 1 arguments, but got 3.
src/pages/ReportsListPage.tsx(500,55): error TS7006: Parameter 'open' implicitly has an 'any' type.
src/pages/ReportsListPage.tsx(513,30): error TS2304: Cannot find name 'Loader2'.
src/pages/ReportsPage.tsx(547,43): error TS2345: Argument of type 'string' is not assignable to parameter of type 'SetStateAction<"staff" | "payroll" | "variance" | "remittance">'.
src/pages/ResetPasswordPage.tsx(71,51): error TS2339: Property 'env' does not exist on type 'ImportMeta'.
src/pages/StaffAllowancesPage.tsx(372,69): error TS2322: Type 'string' is not assignable to type '"fixed" | "percentage"'.
src/pages/StaffPortalPage.tsx(324,10): error TS2554: Expected 1 arguments, but got 2.
